For input string: "asd"
Cannot run program "factor": CreateProcess error=2, El sistema no puede encontrar el archivo especificado
For input string: "dsa"
Cannot run program "factor": CreateProcess error=2, El sistema no puede encontrar el archivo especificado
For input string: "qwerty"
For input string: ""
For input string: "as"
Cannot run program "factor": CreateProcess error=2, El sistema no puede encontrar el archivo especificado
Cannot run program "factor": CreateProcess error=2, El sistema no puede encontrar el archivo especificado
For input string: ""
For input string: "asd"
For input string: "qwe3"
Cannot run program "factor": CreateProcess error=2, El sistema no puede encontrar el archivo especificado
Cannot run program "factor": CreateProcess error=2, El sistema no puede encontrar el archivo especificado
Cannot run program "factor": CreateProcess error=2, El sistema no puede encontrar el archivo especificado
Cannot run program "factor": CreateProcess error=2, El sistema no puede encontrar el archivo especificado
Cannot run program "factor": CreateProcess error=2, El sistema no puede encontrar el archivo especificado
Cannot run program "factor": CreateProcess error=2, El sistema no puede encontrar el archivo especificado
Cannot run program "factor": CreateProcess error=2, El sistema no puede encontrar el archivo especificado
[ERROR]: input inexistente
For input string: "asd"
factor: opción inválida -- '5'
Pruebe 'factor --help' para más información.
For input string: "hola3"

